// Jest Snapshot v1, https://goo.gl/fbAQLP

exports[`renders without crashing 1`] = `
<View
  style={
    Object {
      "alignItems": "center",
      "backgroundColor": "#fff",
      "borderBottomColor": "#ccc",
      "borderBottomWidth": 8,
      "flex": 2,
      "flexDirection": "row",
      "height": 75,
      "justifyContent": "center",
      "marginTop": 1,
      "padding": 2,
      "width": "100%",
    }
  }
>
  <Text
    accessible={true}
    allowFontScaling={true}
    ellipsizeMode="tail"
    style={
      Object {
        "color": "#292929",
        "fontSize": 15,
        "fontStyle": "italic",
        "marginLeft": 0,
        "padding": 2,
      }
    }
  >
    WARNING - Content may be offensive!
  </Text>
</View>
`;
