// Jest Snapshot v1, https://goo.gl/fbAQLP

exports[`renders without crashing 1`] = `
<View
  style={
    Object {
      "alignItems": "center",
      "backgroundColor": "#fff",
      "borderBottomColor": "#ccc",
      "borderBottomWidth": 8,
      "flex": 1,
      "flexDirection": "row",
      "height": 80,
      "justifyContent": "center",
      "marginTop": 20,
      "padding": 20,
      "width": "100%",
    }
  }
>
  <Image
    source={
      Object {
        "testUri": "../../../src/components/img/download.png",
      }
    }
    style={
      Object {
        "height": 40,
        "width": 40,
      }
    }
  />
  <Text
    accessible={true}
    allowFontScaling={true}
    ellipsizeMode="tail"
    style={
      Object {
        "color": "#292929",
        "fontSize": 20,
        "fontStyle": "italic",
        "marginLeft": 10,
      }
    }
  >
    Flickr Random Viewer
  </Text>
</View>
`;
